running egg_info
creating build/warehouse_navigator/warehouse_navigator.egg-info
writing build/warehouse_navigator/warehouse_navigator.egg-info/PKG-INFO
writing dependency_links to build/warehouse_navigator/warehouse_navigator.egg-info/dependency_links.txt
writing entry points to build/warehouse_navigator/warehouse_navigator.egg-info/entry_points.txt
writing requirements to build/warehouse_navigator/warehouse_navigator.egg-info/requires.txt
writing top-level names to build/warehouse_navigator/warehouse_navigator.egg-info/top_level.txt
writing manifest file 'build/warehouse_navigator/warehouse_navigator.egg-info/SOURCES.txt'
reading manifest file 'build/warehouse_navigator/warehouse_navigator.egg-info/SOURCES.txt'
writing manifest file 'build/warehouse_navigator/warehouse_navigator.egg-info/SOURCES.txt'
running build
running build_py
creating /home/emilio/turtlebot3_ws/src/warehouse_navigator/build/warehouse_navigator/build
creating /home/emilio/turtlebot3_ws/src/warehouse_navigator/build/warehouse_navigator/build/lib
creating /home/emilio/turtlebot3_ws/src/warehouse_navigator/build/warehouse_navigator/build/lib/warehouse_navigator
copying warehouse_navigator/__init__.py -> /home/emilio/turtlebot3_ws/src/warehouse_navigator/build/warehouse_navigator/build/lib/warehouse_navigator
copying warehouse_navigator/nav_to_point.py -> /home/emilio/turtlebot3_ws/src/warehouse_navigator/build/warehouse_navigator/build/lib/warehouse_navigator
running install
running install_lib
creating /home/emilio/turtlebot3_ws/src/warehouse_navigator/install/warehouse_navigator/lib/python3.12/site-packages/warehouse_navigator
copying /home/emilio/turtlebot3_ws/src/warehouse_navigator/build/warehouse_navigator/build/lib/warehouse_navigator/__init__.py -> /home/emilio/turtlebot3_ws/src/warehouse_navigator/install/warehouse_navigator/lib/python3.12/site-packages/warehouse_navigator
copying /home/emilio/turtlebot3_ws/src/warehouse_navigator/build/warehouse_navigator/build/lib/warehouse_navigator/nav_to_point.py -> /home/emilio/turtlebot3_ws/src/warehouse_navigator/install/warehouse_navigator/lib/python3.12/site-packages/warehouse_navigator
byte-compiling /home/emilio/turtlebot3_ws/src/warehouse_navigator/install/warehouse_navigator/lib/python3.12/site-packages/warehouse_navigator/__init__.py to __init__.cpython-312.pyc
byte-compiling /home/emilio/turtlebot3_ws/src/warehouse_navigator/install/warehouse_navigator/lib/python3.12/site-packages/warehouse_navigator/nav_to_point.py to nav_to_point.cpython-312.pyc
running install_data
creating /home/emilio/turtlebot3_ws/src/warehouse_navigator/install/warehouse_navigator/share/ament_index
creating /home/emilio/turtlebot3_ws/src/warehouse_navigator/install/warehouse_navigator/share/ament_index/resource_index
creating /home/emilio/turtlebot3_ws/src/warehouse_navigator/install/warehouse_navigator/share/ament_index/resource_index/packages
copying resource/warehouse_navigator -> /home/emilio/turtlebot3_ws/src/warehouse_navigator/install/warehouse_navigator/share/ament_index/resource_index/packages
copying package.xml -> /home/emilio/turtlebot3_ws/src/warehouse_navigator/install/warehouse_navigator/share/warehouse_navigator
creating /home/emilio/turtlebot3_ws/src/warehouse_navigator/install/warehouse_navigator/share/warehouse_navigator/launch
copying launch/navigate.launch.py -> /home/emilio/turtlebot3_ws/src/warehouse_navigator/install/warehouse_navigator/share/warehouse_navigator/launch
creating /home/emilio/turtlebot3_ws/src/warehouse_navigator/install/warehouse_navigator/share/warehouse_navigator/config
copying config/locations.json -> /home/emilio/turtlebot3_ws/src/warehouse_navigator/install/warehouse_navigator/share/warehouse_navigator/config
running install_egg_info
Copying build/warehouse_navigator/warehouse_navigator.egg-info to /home/emilio/turtlebot3_ws/src/warehouse_navigator/install/warehouse_navigator/lib/python3.12/site-packages/warehouse_navigator-0.0.0-py3.12.egg-info
running install_scripts
Installing nav_to_point script to /home/emilio/turtlebot3_ws/src/warehouse_navigator/install/warehouse_navigator/lib/warehouse_navigator
writing list of installed files to '/home/emilio/turtlebot3_ws/src/warehouse_navigator/build/warehouse_navigator/install.log'
