[4.826s] Invoking command in '/home/emilio/turtlebot3_ws/src/warehouse_navigator': DEBUGINFOD_URLS=https://debuginfod.ubuntu.com PYTHONPATH=/home/emilio/turtlebot3_ws/src/warehouse_navigator/build/warehouse_navigator/prefix_override:/usr/lib/python3/dist-packages/colcon_core/task/python/colcon_distutils_commands:/home/emilio/turtlebot3_ws/src/warehouse_navigator/install/warehouse_navigator/lib/python3.12/site-packages:${PYTHONPATH} /usr/bin/python3 -W ignore:setup.py install is deprecated -W ignore:easy_install command is deprecated setup.py egg_info --egg-base build/warehouse_navigator build --build-base /home/emilio/turtlebot3_ws/src/warehouse_navigator/build/warehouse_navigator/build install --record /home/emilio/turtlebot3_ws/src/warehouse_navigator/build/warehouse_navigator/install.log --single-version-externally-managed install_data
[5.585s] running egg_info
[5.585s] creating build/warehouse_navigator/warehouse_navigator.egg-info
[5.623s] writing build/warehouse_navigator/warehouse_navigator.egg-info/PKG-INFO
[5.624s] writing dependency_links to build/warehouse_navigator/warehouse_navigator.egg-info/dependency_links.txt
[5.624s] writing entry points to build/warehouse_navigator/warehouse_navigator.egg-info/entry_points.txt
[5.625s] writing requirements to build/warehouse_navigator/warehouse_navigator.egg-info/requires.txt
[5.625s] writing top-level names to build/warehouse_navigator/warehouse_navigator.egg-info/top_level.txt
[5.625s] writing manifest file 'build/warehouse_navigator/warehouse_navigator.egg-info/SOURCES.txt'
[5.678s] reading manifest file 'build/warehouse_navigator/warehouse_navigator.egg-info/SOURCES.txt'
[5.679s] writing manifest file 'build/warehouse_navigator/warehouse_navigator.egg-info/SOURCES.txt'
[5.680s] running build
[5.680s] running build_py
[5.680s] creating /home/emilio/turtlebot3_ws/src/warehouse_navigator/build/warehouse_navigator/build
[5.681s] creating /home/emilio/turtlebot3_ws/src/warehouse_navigator/build/warehouse_navigator/build/lib
[5.716s] creating /home/emilio/turtlebot3_ws/src/warehouse_navigator/build/warehouse_navigator/build/lib/warehouse_navigator
[5.716s] copying warehouse_navigator/__init__.py -> /home/emilio/turtlebot3_ws/src/warehouse_navigator/build/warehouse_navigator/build/lib/warehouse_navigator
[5.716s] copying warehouse_navigator/nav_to_point.py -> /home/emilio/turtlebot3_ws/src/warehouse_navigator/build/warehouse_navigator/build/lib/warehouse_navigator
[5.716s] running install
[5.722s] running install_lib
[5.771s] creating /home/emilio/turtlebot3_ws/src/warehouse_navigator/install/warehouse_navigator/lib/python3.12/site-packages/warehouse_navigator
[5.772s] copying /home/emilio/turtlebot3_ws/src/warehouse_navigator/build/warehouse_navigator/build/lib/warehouse_navigator/__init__.py -> /home/emilio/turtlebot3_ws/src/warehouse_navigator/install/warehouse_navigator/lib/python3.12/site-packages/warehouse_navigator
[5.773s] copying /home/emilio/turtlebot3_ws/src/warehouse_navigator/build/warehouse_navigator/build/lib/warehouse_navigator/nav_to_point.py -> /home/emilio/turtlebot3_ws/src/warehouse_navigator/install/warehouse_navigator/lib/python3.12/site-packages/warehouse_navigator
[5.774s] byte-compiling /home/emilio/turtlebot3_ws/src/warehouse_navigator/install/warehouse_navigator/lib/python3.12/site-packages/warehouse_navigator/__init__.py to __init__.cpython-312.pyc
[5.774s] byte-compiling /home/emilio/turtlebot3_ws/src/warehouse_navigator/install/warehouse_navigator/lib/python3.12/site-packages/warehouse_navigator/nav_to_point.py to nav_to_point.cpython-312.pyc
[5.776s] running install_data
[5.776s] creating /home/emilio/turtlebot3_ws/src/warehouse_navigator/install/warehouse_navigator/share/ament_index
[5.776s] creating /home/emilio/turtlebot3_ws/src/warehouse_navigator/install/warehouse_navigator/share/ament_index/resource_index
[5.776s] creating /home/emilio/turtlebot3_ws/src/warehouse_navigator/install/warehouse_navigator/share/ament_index/resource_index/packages
[5.777s] copying resource/warehouse_navigator -> /home/emilio/turtlebot3_ws/src/warehouse_navigator/install/warehouse_navigator/share/ament_index/resource_index/packages
[5.777s] copying package.xml -> /home/emilio/turtlebot3_ws/src/warehouse_navigator/install/warehouse_navigator/share/warehouse_navigator
[5.777s] creating /home/emilio/turtlebot3_ws/src/warehouse_navigator/install/warehouse_navigator/share/warehouse_navigator/launch
[5.777s] copying launch/navigate.launch.py -> /home/emilio/turtlebot3_ws/src/warehouse_navigator/install/warehouse_navigator/share/warehouse_navigator/launch
[5.778s] creating /home/emilio/turtlebot3_ws/src/warehouse_navigator/install/warehouse_navigator/share/warehouse_navigator/config
[5.778s] copying config/locations.json -> /home/emilio/turtlebot3_ws/src/warehouse_navigator/install/warehouse_navigator/share/warehouse_navigator/config
[5.779s] running install_egg_info
[5.827s] Copying build/warehouse_navigator/warehouse_navigator.egg-info to /home/emilio/turtlebot3_ws/src/warehouse_navigator/install/warehouse_navigator/lib/python3.12/site-packages/warehouse_navigator-0.0.0-py3.12.egg-info
[5.829s] running install_scripts
[6.139s] Installing nav_to_point script to /home/emilio/turtlebot3_ws/src/warehouse_navigator/install/warehouse_navigator/lib/warehouse_navigator
[6.139s] writing list of installed files to '/home/emilio/turtlebot3_ws/src/warehouse_navigator/build/warehouse_navigator/install.log'
[6.288s] Invoked command in '/home/emilio/turtlebot3_ws/src/warehouse_navigator' returned '0': DEBUGINFOD_URLS=https://debuginfod.ubuntu.com PYTHONPATH=/home/emilio/turtlebot3_ws/src/warehouse_navigator/build/warehouse_navigator/prefix_override:/usr/lib/python3/dist-packages/colcon_core/task/python/colcon_distutils_commands:/home/emilio/turtlebot3_ws/src/warehouse_navigator/install/warehouse_navigator/lib/python3.12/site-packages:${PYTHONPATH} /usr/bin/python3 -W ignore:setup.py install is deprecated -W ignore:easy_install command is deprecated setup.py egg_info --egg-base build/warehouse_navigator build --build-base /home/emilio/turtlebot3_ws/src/warehouse_navigator/build/warehouse_navigator/build install --record /home/emilio/turtlebot3_ws/src/warehouse_navigator/build/warehouse_navigator/install.log --single-version-externally-managed install_data
